#-----------------------------------------------------------
# Vivado v2020.2 (64-bit)
# SW Build 3064766 on Wed Nov 18 09:12:45 MST 2020
# IP Build 3064653 on Wed Nov 18 14:17:31 MST 2020
# Start of session at: Thu Feb 25 22:19:30 2021
# Process ID: 16108
# Current directory: C:/Users/uzivatel/Documents/github/Digital-electronics-1/Labs/03-vivado/mux_2bit_4to1
# Command line: vivado.exe -gui_launcher_event rodinguilauncherevent15420 C:\Users\uzivatel\Documents\github\Digital-electronics-1\Labs\03-vivado\mux_2bit_4to1\mux_2bit_4to1.xpr
# Log file: C:/Users/uzivatel/Documents/github/Digital-electronics-1/Labs/03-vivado/mux_2bit_4to1/vivado.log
# Journal file: C:/Users/uzivatel/Documents/github/Digital-electronics-1/Labs/03-vivado/mux_2bit_4to1\vivado.jou
#-----------------------------------------------------------
start_gui
open_project C:/Users/uzivatel/Documents/github/Digital-electronics-1/Labs/03-vivado/mux_2bit_4to1/mux_2bit_4to1.xpr
launch_simulation
source tb_mux_2bit_4to1.tcl
update_compile_order -fileset sources_1
close_sim
